Archive member included to satisfy reference by file (symbol)

D:/STM32CubeIDE_1.14.1/STM32CubeIDE/plugins/com.st.stm32cube.ide.mcu.externaltools.gnu-tools-for-stm32.11.3.rel1.win32_1.1.100.202309141235/tools/bin/../lib/gcc/arm-none-eabi/11.3.1/../../../../arm-none-eabi/lib/thumb/v7-m/nofp\libm.a(libm_a-sf_cos.o)
                              ./Core/Src/ssd1306.o (cosf)
D:/STM32CubeIDE_1.14.1/STM32CubeIDE/plugins/com.st.stm32cube.ide.mcu.externaltools.gnu-tools-for-stm32.11.3.rel1.win32_1.1.100.202309141235/tools/bin/../lib/gcc/arm-none-eabi/11.3.1/../../../../arm-none-eabi/lib/thumb/v7-m/nofp\libm.a(libm_a-sf_sin.o)
                              ./Core/Src/ssd1306.o (sinf)
D:/STM32CubeIDE_1.14.1/STM32CubeIDE/plugins/com.st.stm32cube.ide.mcu.externaltools.gnu-tools-for-stm32.11.3.rel1.win32_1.1.100.202309141235/tools/bin/../lib/gcc/arm-none-eabi/11.3.1/../../../../arm-none-eabi/lib/thumb/v7-m/nofp\libm.a(libm_a-kf_cos.o)
                              D:/STM32CubeIDE_1.14.1/STM32CubeIDE/plugins/com.st.stm32cube.ide.mcu.externaltools.gnu-tools-for-stm32.11.3.rel1.win32_1.1.100.202309141235/tools/bin/../lib/gcc/arm-none-eabi/11.3.1/../../../../arm-none-eabi/lib/thumb/v7-m/nofp\libm.a(libm_a-sf_cos.o) (__kernel_cosf)
D:/STM32CubeIDE_1.14.1/STM32CubeIDE/plugins/com.st.stm32cube.ide.mcu.externaltools.gnu-tools-for-stm32.11.3.rel1.win32_1.1.100.202309141235/tools/bin/../lib/gcc/arm-none-eabi/11.3.1/../../../../arm-none-eabi/lib/thumb/v7-m/nofp\libm.a(libm_a-kf_sin.o)
                              D:/STM32CubeIDE_1.14.1/STM32CubeIDE/plugins/com.st.stm32cube.ide.mcu.externaltools.gnu-tools-for-stm32.11.3.rel1.win32_1.1.100.202309141235/tools/bin/../lib/gcc/arm-none-eabi/11.3.1/../../../../arm-none-eabi/lib/thumb/v7-m/nofp\libm.a(libm_a-sf_cos.o) (__kernel_sinf)
D:/STM32CubeIDE_1.14.1/STM32CubeIDE/plugins/com.st.stm32cube.ide.mcu.externaltools.gnu-tools-for-stm32.11.3.rel1.win32_1.1.100.202309141235/tools/bin/../lib/gcc/arm-none-eabi/11.3.1/../../../../arm-none-eabi/lib/thumb/v7-m/nofp\libm.a(libm_a-ef_rem_pio2.o)
                              D:/STM32CubeIDE_1.14.1/STM32CubeIDE/plugins/com.st.stm32cube.ide.mcu.externaltools.gnu-tools-for-stm32.11.3.rel1.win32_1.1.100.202309141235/tools/bin/../lib/gcc/arm-none-eabi/11.3.1/../../../../arm-none-eabi/lib/thumb/v7-m/nofp\libm.a(libm_a-sf_cos.o) (__ieee754_rem_pio2f)
D:/STM32CubeIDE_1.14.1/STM32CubeIDE/plugins/com.st.stm32cube.ide.mcu.externaltools.gnu-tools-for-stm32.11.3.rel1.win32_1.1.100.202309141235/tools/bin/../lib/gcc/arm-none-eabi/11.3.1/../../../../arm-none-eabi/lib/thumb/v7-m/nofp\libm.a(libm_a-sf_fabs.o)
                              D:/STM32CubeIDE_1.14.1/STM32CubeIDE/plugins/com.st.stm32cube.ide.mcu.externaltools.gnu-tools-for-stm32.11.3.rel1.win32_1.1.100.202309141235/tools/bin/../lib/gcc/arm-none-eabi/11.3.1/../../../../arm-none-eabi/lib/thumb/v7-m/nofp\libm.a(libm_a-ef_rem_pio2.o) (fabsf)
D:/STM32CubeIDE_1.14.1/STM32CubeIDE/plugins/com.st.stm32cube.ide.mcu.externaltools.gnu-tools-for-stm32.11.3.rel1.win32_1.1.100.202309141235/tools/bin/../lib/gcc/arm-none-eabi/11.3.1/../../../../arm-none-eabi/lib/thumb/v7-m/nofp\libm.a(libm_a-kf_rem_pio2.o)
                              D:/STM32CubeIDE_1.14.1/STM32CubeIDE/plugins/com.st.stm32cube.ide.mcu.externaltools.gnu-tools-for-stm32.11.3.rel1.win32_1.1.100.202309141235/tools/bin/../lib/gcc/arm-none-eabi/11.3.1/../../../../arm-none-eabi/lib/thumb/v7-m/nofp\libm.a(libm_a-ef_rem_pio2.o) (__kernel_rem_pio2f)
D:/STM32CubeIDE_1.14.1/STM32CubeIDE/plugins/com.st.stm32cube.ide.mcu.externaltools.gnu-tools-for-stm32.11.3.rel1.win32_1.1.100.202309141235/tools/bin/../lib/gcc/arm-none-eabi/11.3.1/../../../../arm-none-eabi/lib/thumb/v7-m/nofp\libm.a(libm_a-sf_scalbn.o)
                              D:/STM32CubeIDE_1.14.1/STM32CubeIDE/plugins/com.st.stm32cube.ide.mcu.externaltools.gnu-tools-for-stm32.11.3.rel1.win32_1.1.100.202309141235/tools/bin/../lib/gcc/arm-none-eabi/11.3.1/../../../../arm-none-eabi/lib/thumb/v7-m/nofp\libm.a(libm_a-kf_rem_pio2.o) (scalbnf)
D:/STM32CubeIDE_1.14.1/STM32CubeIDE/plugins/com.st.stm32cube.ide.mcu.externaltools.gnu-tools-for-stm32.11.3.rel1.win32_1.1.100.202309141235/tools/bin/../lib/gcc/arm-none-eabi/11.3.1/../../../../arm-none-eabi/lib/thumb/v7-m/nofp\libm.a(libm_a-sf_floor.o)
                              D:/STM32CubeIDE_1.14.1/STM32CubeIDE/plugins/com.st.stm32cube.ide.mcu.externaltools.gnu-tools-for-stm32.11.3.rel1.win32_1.1.100.202309141235/tools/bin/../lib/gcc/arm-none-eabi/11.3.1/../../../../arm-none-eabi/lib/thumb/v7-m/nofp\libm.a(libm_a-kf_rem_pio2.o) (floorf)
D:/STM32CubeIDE_1.14.1/STM32CubeIDE/plugins/com.st.stm32cube.ide.mcu.externaltools.gnu-tools-for-stm32.11.3.rel1.win32_1.1.100.202309141235/tools/bin/../lib/gcc/arm-none-eabi/11.3.1/../../../../arm-none-eabi/lib/thumb/v7-m/nofp\libc_nano.a(libc_a-exit.o)
[...]
Memory Configuration

Name             Origin             Length             Attributes
RAM              0x0000000020000000 0x0000000000005000 xrw
FLASH            0x0000000008000000 0x0000000000010000 xr
*default*        0x0000000000000000 0xffffffffffffffff

Linker script and memory map

LOAD D:/STM32CubeIDE_1.14.1/STM32CubeIDE/plugins/com.st.stm32cube.ide.mcu.externaltools.gnu-tools-for-stm32.11.3.rel1.win32_1.1.100.202309141235/tools/bin/../lib/gcc/arm-none-eabi/11.3.1/thumb/v7-m/nofp/crti.o
LOAD D:/STM32CubeIDE_1.14.1/STM32CubeIDE/plugins/com.st.stm32cube.ide.mcu.externaltools.gnu-tools-for-stm32.11.3.rel1.win32_1.1.100.202309141235/tools/bin/../lib/gcc/arm-none-eabi/11.3.1/thumb/v7-m/nofp/crtbegin.o
LOAD D:/STM32CubeIDE_1.14.1/STM32CubeIDE/plugins/com.st.stm32cube.ide.mcu.externaltools.gnu-tools-for-stm32.11.3.rel1.win32_1.1.100.202309141235/tools/bin/../lib/gcc/arm-none-eabi/11.3.1/../../../../arm-none-eabi/lib/thumb/v7-m/nofp/crt0.o
LOAD ./Core/Src/main.o
LOAD ./Core/Src/ssd1306.o
LOAD ./Core/Src/ssd1306_fonts.o
LOAD ./Core/Src/stm32f1xx_hal_msp.o
LOAD ./Core/Src/stm32f1xx_it.o
LOAD ./Core/Src/syscalls.o
LOAD ./Core/Src/sysmem.o
LOAD ./Core/Src/system_stm32f1xx.o
LOAD ./Core/Startup/startup_stm32f103c8tx.o
LOAD ./Drivers/STM32F1xx_HAL_Driver/Src/stm32f1xx_hal.o
LOAD ./Drivers/STM32F1xx_HAL_Driver/Src/stm32f1xx_hal_cortex.o
LOAD ./Drivers/STM32F1xx_HAL_Driver/Src/stm32f1xx_hal_dma.o
LOAD ./Drivers/STM32F1xx_HAL_Driver/Src/stm32f1xx_hal_exti.o
LOAD ./Drivers/STM32F1xx_HAL_Driver/Src/stm32f1xx_hal_flash.o
LOAD ./Drivers/STM32F1xx_HAL_Driver/Src/stm32f1xx_hal_flash_ex.o
LOAD ./Drivers/STM32F1xx_HAL_Driver/Src/stm32f1xx_hal_gpio.o
LOAD ./Drivers/STM32F1xx_HAL_Driver/Src/stm32f1xx_hal_gpio_ex.o
LOAD ./Drivers/STM32F1xx_HAL_Driver/Src/stm32f1xx_hal_i2c.o
LOAD ./Drivers/STM32F1xx_HAL_Driver/Src/stm32f1xx_hal_pwr.o
LOAD ./Drivers/STM32F1xx_HAL_Driver/Src/stm32f1xx_hal_rcc.o
LOAD ./Drivers/STM32F1xx_HAL_Driver/Src/stm32f1xx_hal_rcc_ex.o
LOAD ./Drivers/STM32F1xx_HAL_Driver/Src/stm32f1xx_hal_tim.o
LOAD ./Drivers/STM32F1xx_HAL_Driver/Src/stm32f1xx_hal_tim_ex.o
START GROUP
LOAD D:/STM32CubeIDE_1.14.1/STM32CubeIDE/plugins/com.st.stm32cube.ide.mcu.externaltools.gnu-tools-for-stm32.11.3.rel1.win32_1.1.100.202309141235/tools/bin/../lib/gcc/arm-none-eabi/11.3.1/../../../../arm-none-eabi/lib/thumb/v7-m/nofp\libstdc++_nano.a
LOAD D:/STM32CubeIDE_1.14.1/STM32CubeIDE/plugins/com.st.stm32cube.ide.mcu.externaltools.gnu-tools-for-stm32.11.3.rel1.win32_1.1.100.202309141235/tools/bin/../lib/gcc/arm-none-eabi/11.3.1/../../../../arm-none-eabi/lib/thumb/v7-m/nofp\libsupc++_nano.a
END GROUP
LOAD D:/STM32CubeIDE_1.14.1/STM32CubeIDE/plugins/com.st.stm32cube.ide.mcu.externaltools.gnu-tools-for-stm32.11.3.rel1.win32_1.1.100.202309141235/tools/bin/../lib/gcc/arm-none-eabi/11.3.1/../../../../arm-none-eabi/lib/thumb/v7-m/nofp\libstdc++_nano.a
LOAD D:/STM32CubeIDE_1.14.1/STM32CubeIDE/plugins/com.st.stm32cube.ide.mcu.externaltools.gnu-tools-for-stm32.11.3.rel1.win32_1.1.100.202309141235/tools/bin/../lib/gcc/arm-none-eabi/11.3.1/../../../../arm-none-eabi/lib/thumb/v7-m/nofp\libm.a
LOAD D:/STM32CubeIDE_1.14.1/STM32CubeIDE/plugins/com.st.stm32cube.ide.mcu.externaltools.gnu-tools-for-stm32.11.3.rel1.win32_1.1.100.202309141235/tools/bin/../lib/gcc/arm-none-eabi/11.3.1/../../../../arm-none-eabi/lib/thumb/v7-m/nofp\libc_nano.a
START GROUP
LOAD D:/STM32CubeIDE_1.14.1/STM32CubeIDE/plugins/com.st.stm32cube.ide.mcu.externaltools.gnu-tools-for-stm32.11.3.rel1.win32_1.1.100.202309141235/tools/bin/../lib/gcc/arm-none-eabi/11.3.1/thumb/v7-m/nofp\libgcc.a
LOAD D:/STM32CubeIDE_1.14.1/STM32CubeIDE/plugins/com.st.stm32cube.ide.mcu.externaltools.gnu-tools-for-stm32.11.3.rel1.win32_1.1.100.202309141235/tools/bin/../lib/gcc/arm-none-eabi/11.3.1/../../../../arm-none-eabi/lib/thumb/v7-m/nofp\libc_nano.a
END GROUP
START GROUP
LOAD D:/STM32CubeIDE_1.14.1/STM32CubeIDE/plugins/com.st.stm32cube.ide.mcu.externaltools.gnu-tools-for-stm32.11.3.rel1.win32_1.1.100.202309141235/tools/bin/../lib/gcc/arm-none-eabi/11.3.1/thumb/v7-m/nofp\libgcc.a
LOAD D:/STM32CubeIDE_1.14.1/STM32CubeIDE/plugins/com.st.stm32cube.ide.mcu.externaltools.gnu-tools-for-stm32.11.3.rel1.win32_1.1.100.202309141235/tools/bin/../lib/gcc/arm-none-eabi/11.3.1/../../../../arm-none-eabi/lib/thumb/v7-m/nofp\libc_nano.a
LOAD D:/STM32CubeIDE_1.14.1/STM32CubeIDE/plugins/com.st.stm32cube.ide.mcu.externaltools.gnu-tools-for-stm32.11.3.rel1.win32_1.1.100.202309141235/tools/bin/../lib/gcc/arm-none-eabi/11.3.1/../../../../arm-none-eabi/lib/thumb/v7-m/nofp\libnosys.a
END GROUP
START GROUP
LOAD D:/STM32CubeIDE_1.14.1/STM32CubeIDE/plugins/com.st.stm32cube.ide.mcu.externaltools.gnu-tools-for-stm32.11.3.rel1.win32_1.1.100.202309141235/tools/bin/../lib/gcc/arm-none-eabi/11.3.1/thumb/v7-m/nofp\libgcc.a
LOAD D:/STM32CubeIDE_1.14.1/STM32CubeIDE/plugins/com.st.stm32cube.ide.mcu.externaltools.gnu-tools-for-stm32.11.3.rel1.win32_1.1.100.202309141235/tools/bin/../lib/gcc/arm-none-eabi/11.3.1/../../../../arm-none-eabi/lib/thumb/v7-m/nofp\libc_nano.a
LOAD D:/STM32CubeIDE_1.14.1/STM32CubeIDE/plugins/com.st.stm32cube.ide.mcu.externaltools.gnu-tools-for-stm32.11.3.rel1.win32_1.1.100.202309141235/tools/bin/../lib/gcc/arm-none-eabi/11.3.1/../../../../arm-none-eabi/lib/thumb/v7-m/nofp\libnosys.a
END GROUP
LOAD D:/STM32CubeIDE_1.14.1/STM32CubeIDE/plugins/com.st.stm32cube.ide.mcu.externaltools.gnu-tools-for-stm32.11.3.rel1.win32_1.1.100.202309141235/tools/bin/../lib/gcc/arm-none-eabi/11.3.1/thumb/v7-m/nofp/crtend.o
LOAD D:/STM32CubeIDE_1.14.1/STM32CubeIDE/plugins/com.st.stm32cube.ide.mcu.externaltools.gnu-tools-for-stm32.11.3.rel1.win32_1.1.100.202309141235/tools/bin/../lib/gcc/arm-none-eabi/11.3.1/thumb/v7-m/nofp/crtn.o
                0x0000000020005000                _estack = (ORIGIN (RAM) + LENGTH (RAM))
                0x0000000000000200                _Min_Heap_Size = 0x200
                0x0000000000000400                _Min_Stack_Size = 0x400

.isr_vector     0x0000000008000000      0x10c
                0x0000000008000000                . = ALIGN (0x4)
 *(.isr_vector)
 .isr_vector    0x0000000008000000      0x10c ./Core/Startup/startup_stm32f103c8tx.o
                0x0000000008000000                g_pfnVectors
                0x000000000800010c                . = ALIGN (0x4)

.text           0x000000000800010c     0x3fa4
                0x000000000800010c                . = ALIGN (0x4)
 *(.text)
 .text          0x000000000800010c       0x40 D:/STM32CubeIDE_1.14.1/STM32CubeIDE/plugins/com.st.stm32cube.ide.mcu.externaltools.gnu-tools-for-stm32.11.3.rel1.win32_1.1.100.202309141235/tools/bin/../lib/gcc/arm-none-eabi/11.3.1/thumb/v7-m/nofp/crtbegin.o
 *(.text*)
 .text.ReloadMessage
                0x000000000800014c       0x34 ./Core/Src/main.o
                0x000000000800014c                ReloadMessage
 .text.ReloadingMessage
                0x0000000008000180       0x34 ./Core/Src/main.o
                0x0000000008000180                ReloadingMessage
 .text.ModeDisplay
                0x00000000080001b4       0x54 ./Core/Src/main.o
                0x00000000080001b4                ModeDisplay
 .text.BulletsDisplay
                0x0000000008000208       0x84 ./Core/Src/main.o
                0x0000000008000208                BulletsDisplay
 .text.OutOfAmmoEvent
                0x000000000800028c       0x68 ./Core/Src/main.o
                0x000000000800028c                OutOfAmmoEvent
 .text.PlaySound
                0x00000000080002f4       0x3c ./Core/Src/main.o
                0x00000000080002f4                PlaySound
 .text.Timer_Delay_ms
                0x0000000008000330       0x48 ./Core/Src/main.o
                0x0000000008000330                Timer_Delay_ms
 .text.StartCounting
                0x0000000008000378       0x3c ./Core/Src/main.o
                0x0000000008000378                StartCounting
 .text.vibrate  0x00000000080003b4       0x34 ./Core/Src/main.o
                0x00000000080003b4                vibrate
 .text.HAL_TIM_PeriodElapsedCallback
                0x00000000080003e8       0x5c ./Core/Src/main.o
                0x00000000080003e8                HAL_TIM_PeriodElapsedCallback
 .text.HAL_GPIO_EXTI_Callback
                0x0000000008000444      0x1f4 ./Core/Src/main.o
                0x0000000008000444                HAL_GPIO_EXTI_Callback
 .text.main     0x0000000008000638       0x3c ./Core/Src/main.o
                0x0000000008000638                main
 .text.SystemClock_Config
                0x0000000008000674       0x78 ./Core/Src/main.o
                0x0000000008000674                SystemClock_Config
 .text.MX_I2C2_Init
                0x00000000080006ec       0x5c ./Core/Src/main.o
 .text.MX_TIM1_Init
                0x0000000008000748       0xa4 ./Core/Src/main.o
 .text.MX_TIM2_Init
                0x00000000080007ec       0xf0 ./Core/Src/main.o
 .text.MX_TIM3_Init
                0x00000000080008dc       0xa8 ./Core/Src/main.o
 .text.MX_TIM4_Init
                0x0000000008000984       0x9c ./Core/Src/main.o
 .text.MX_DMA_Init
                0x0000000008000a20       0x3c ./Core/Src/main.o
 .text.MX_GPIO_Init
                0x0000000008000a5c       0xc4 ./Core/Src/main.o
 .text.Error_Handler
                0x0000000008000b20        0xa ./Core/Src/main.o
                0x0000000008000b20                Error_Handler
 .text.ssd1306_Reset
                0x0000000008000b2a        0xc ./Core/Src/ssd1306.o
                0x0000000008000b2a                ssd1306_Reset
 *fill*         0x0000000008000b36        0x2 
 .text.ssd1306_WriteCommand
                0x0000000008000b38       0x30 ./Core/Src/ssd1306.o
                0x0000000008000b38                ssd1306_WriteCommand
 .text.ssd1306_WriteData
                0x0000000008000b68       0x34 ./Core/Src/ssd1306.o
                0x0000000008000b68                ssd1306_WriteData
 .text.ssd1306_Init
                0x0000000008000b9c       0xd4 ./Core/Src/ssd1306.o
                0x0000000008000b9c                ssd1306_Init
 .text.ssd1306_Fill
                0x0000000008000c70       0x30 ./Core/Src/ssd1306.o
                0x0000000008000c70                ssd1306_Fill
 .text.ssd1306_UpdateScreen
                0x0000000008000ca0       0x50 ./Core/Src/ssd1306.o
                0x0000000008000ca0                ssd1306_UpdateScreen
 .text.ssd1306_DrawPixel
                0x0000000008000cf0       0xa4 ./Core/Src/ssd1306.o
                0x0000000008000cf0                ssd1306_DrawPixel
 .text.ssd1306_WriteChar
                0x0000000008000d94      0x124 ./Core/Src/ssd1306.o
                0x0000000008000d94                ssd1306_WriteChar
 .text.ssd1306_WriteString
                0x0000000008000eb8       0x4c ./Core/Src/ssd1306.o
                0x0000000008000eb8                ssd1306_WriteString
 .text.ssd1306_SetCursor
                0x0000000008000f04       0x30 ./Core/Src/ssd1306.o
                0x0000000008000f04                ssd1306_SetCursor
 .text.ssd1306_SetContrast
                0x0000000008000f34       0x26 ./Core/Src/ssd1306.o
                0x0000000008000f34                ssd1306_SetContrast
 *fill*         0x0000000008000f5a        0x2 
 .text.ssd1306_SetDisplayOn
                0x0000000008000f5c       0x3c ./Core/Src/ssd1306.o
                0x0000000008000f5c                ssd1306_SetDisplayOn
 .text.HAL_MspInit
                0x0000000008000f98       0x64 ./Core/Src/stm32f1xx_hal_msp.o
                0x0000000008000f98                HAL_MspInit
 .text.HAL_I2C_MspInit
                0x0000000008000ffc       0x80 ./Core/Src/stm32f1xx_hal_msp.o
                0x0000000008000ffc                HAL_I2C_MspInit
 .text.HAL_TIM_Base_MspInit
                0x000000000800107c      0x134 ./Core/Src/stm32f1xx_hal_msp.o
                0x000000000800107c                HAL_TIM_Base_MspInit
 .text.HAL_TIM_MspPostInit
                0x00000000080011b0       0x8c ./Core/Src/stm32f1xx_hal_msp.o
                0x00000000080011b0                HAL_TIM_MspPostInit
 .text.NMI_Handler
                0x000000000800123c        0x6 ./Core/Src/stm32f1xx_it.o
                0x000000000800123c                NMI_Handler
 .text.HardFault_Handler
                0x0000000008001242        0x6 ./Core/Src/stm32f1xx_it.o
                0x0000000008001242                HardFault_Handler
 .text.MemManage_Handler
                0x0000000008001248        0x6 ./Core/Src/stm32f1xx_it.o
                0x0000000008001248                MemManage_Handler
 .text.BusFault_Handler
                0x000000000800124e        0x6 ./Core/Src/stm32f1xx_it.o
                0x000000000800124e                BusFault_Handler
 .text.UsageFault_Handler
                0x0000000008001254        0x6 ./Core/Src/stm32f1xx_it.o
                0x0000000008001254                UsageFault_Handler
 .text.SVC_Handler
                0x000000000800125a        0xc ./Core/Src/stm32f1xx_it.o
                0x000000000800125a                SVC_Handler
 .text.DebugMon_Handler
                0x0000000008001266        0xc ./Core/Src/stm32f1xx_it.o
                0x0000000008001266                DebugMon_Handler
 .text.PendSV_Handler
                0x0000000008001272        0xc ./Core/Src/stm32f1xx_it.o
                0x0000000008001272                PendSV_Handler
 .text.SysTick_Handler
                0x000000000800127e        0xc ./Core/Src/stm32f1xx_it.o
                0x000000000800127e                SysTick_Handler
 *fill*         0x000000000800128a        0x2 
 .text.DMA1_Channel3_IRQHandler
                0x000000000800128c       0x14 ./Core/Src/stm32f1xx_it.o
                0x000000000800128c                DMA1_Channel3_IRQHandler
 .text.TIM1_UP_IRQHandler
                0x00000000080012a0       0x14 ./Core/Src/stm32f1xx_it.o
                0x00000000080012a0                TIM1_UP_IRQHandler
 .text.TIM4_IRQHandler
                0x00000000080012b4       0x14 ./Core/Src/stm32f1xx_it.o
                0x00000000080012b4                TIM4_IRQHandler
 .text.EXTI15_10_IRQHandler
                0x00000000080012c8       0x20 ./Core/Src/stm32f1xx_it.o
                0x00000000080012c8                EXTI15_10_IRQHandler
 .text.SystemInit
                0x00000000080012e8        0xc ./Core/Src/system_stm32f1xx.o
                0x00000000080012e8                SystemInit
 .text.Reset_Handler
                0x00000000080012f4       0x48 ./Core/Startup/startup_stm32f103c8tx.o
                0x00000000080012f4                Reset_Handler
 .text.Default_Handler
                0x000000000800133c        0x2 ./Core/Startup/startup_stm32f103c8tx.o
                0x000000000800133c                RTC_Alarm_IRQHandler
                0x000000000800133c                EXTI2_IRQHandler
                0x000000000800133c                TIM1_CC_IRQHandler
                0x000000000800133c                PVD_IRQHandler
                0x000000000800133c                EXTI3_IRQHandler
                0x000000000800133c                EXTI0_IRQHandler
                0x000000000800133c                I2C2_EV_IRQHandler
                0x000000000800133c                ADC1_2_IRQHandler
                0x000000000800133c                SPI1_IRQHandler
                0x000000000800133c                TAMPER_IRQHandler
                0x000000000800133c                DMA1_Channel4_IRQHandler
                0x000000000800133c                USART3_IRQHandler
                0x000000000800133c                RTC_IRQHandler
                0x000000000800133c                DMA1_Channel7_IRQHandler
                0x000000000800133c                CAN1_RX1_IRQHandler
                0x000000000800133c                I2C1_EV_IRQHandler
                0x000000000800133c                DMA1_Channel6_IRQHandler
                0x000000000800133c                TIM3_IRQHandler
                0x000000000800133c                RCC_IRQHandler
                0x000000000800133c                TIM1_TRG_COM_IRQHandler
                0x000000000800133c                DMA1_Channel1_IRQHandler
                0x000000000800133c                Default_Handler
                0x000000000800133c                EXTI9_5_IRQHandler
                0x000000000800133c                SPI2_IRQHandler
                0x000000000800133c                DMA1_Channel5_IRQHandler
                0x000000000800133c                EXTI4_IRQHandler
                0x000000000800133c                USB_LP_CAN1_RX0_IRQHandler
                0x000000000800133c                USB_HP_CAN1_TX_IRQHandler
                0x000000000800133c                WWDG_IRQHandler
                0x000000000800133c                TIM2_IRQHandler
                0x000000000800133c                TIM1_BRK_IRQHandler
                0x000000000800133c                EXTI1_IRQHandler
                0x000000000800133c                USART2_IRQHandler
                0x000000000800133c                I2C2_ER_IRQHandler
                0x000000000800133c                DMA1_Channel2_IRQHandler
                0x000000000800133c                CAN1_SCE_IRQHandler
                0x000000000800133c                FLASH_IRQHandler
                0x000000000800133c                USART1_IRQHandler
                0x000000000800133c                I2C1_ER_IRQHandler
                0x000000000800133c                USBWakeUp_IRQHandler
 *fill*         0x000000000800133e        0x2 
 .text.HAL_Init
                0x0000000008001340       0x2c ./Drivers/STM32F1xx_HAL_Driver/Src/stm32f1xx_hal.o
                0x0000000008001340                HAL_Init
 .text.HAL_InitTick
                0x000000000800136c       0x60 ./Drivers/STM32F1xx_HAL_Driver/Src/stm32f1xx_hal.o
                0x000000000800136c                HAL_InitTick
 .text.HAL_IncTick
                0x00000000080013cc       0x24 ./Drivers/STM32F1xx_HAL_Driver/Src/stm32f1xx_hal.o
                0x00000000080013cc                HAL_IncTick
 .text.HAL_GetTick
                0x00000000080013f0       0x14 ./Drivers/STM32F1xx_HAL_Driver/Src/stm32f1xx_hal.o
                0x00000000080013f0                HAL_GetTick
 .text.HAL_Delay
                0x0000000008001404       0x48 ./Drivers/STM32F1xx_HAL_Driver/Src/stm32f1xx_hal.o
                0x0000000008001404                HAL_Delay
 .text.__NVIC_SetPriorityGrouping
                0x000000000800144c       0x48 ./Drivers/STM32F1xx_HAL_Driver/Src/stm32f1xx_hal_cortex.o
 .text.__NVIC_GetPriorityGrouping
                0x0000000008001494       0x1c ./Drivers/STM32F1xx_HAL_Driver/Src/stm32f1xx_hal_cortex.o
 .text.__NVIC_EnableIRQ
                0x00000000080014b0       0x38 ./Drivers/STM32F1xx_HAL_Driver/Src/stm32f1xx_hal_cortex.o
 .text.__NVIC_SetPriority
                0x00000000080014e8       0x54 ./Drivers/STM32F1xx_HAL_Driver/Src/stm32f1xx_hal_cortex.o
 .text.NVIC_EncodePriority
                0x000000000800153c       0x64 ./Drivers/STM32F1xx_HAL_Driver/Src/stm32f1xx_hal_cortex.o
 .text.SysTick_Config
                0x00000000080015a0       0x44 ./Drivers/STM32F1xx_HAL_Driver/Src/stm32f1xx_hal_cortex.o
 .text.HAL_NVIC_SetPriorityGrouping
                0x00000000080015e4       0x16 ./Drivers/STM32F1xx_HAL_Driver/Src/stm32f1xx_hal_cortex.o
                0x00000000080015e4                HAL_NVIC_SetPriorityGrouping
 .text.HAL_NVIC_SetPriority
                0x00000000080015fa       0x38 ./Drivers/STM32F1xx_HAL_Driver/Src/stm32f1xx_hal_cortex.o
                0x00000000080015fa                HAL_NVIC_SetPriority
 .text.HAL_NVIC_EnableIRQ
                0x0000000008001632       0x1c ./Drivers/STM32F1xx_HAL_Driver/Src/stm32f1xx_hal_cortex.o
                0x0000000008001632                HAL_NVIC_EnableIRQ
 .text.HAL_SYSTICK_Config
                0x000000000800164e       0x18 ./Drivers/STM32F1xx_HAL_Driver/Src/stm32f1xx_hal_cortex.o
                0x000000000800164e                HAL_SYSTICK_Config
 *fill*         0x0000000008001666        0x2 
 .text.HAL_DMA_Init
                0x0000000008001668       0xb4 ./Drivers/STM32F1xx_HAL_Driver/Src/stm32f1xx_hal_dma.o
                0x0000000008001668                HAL_DMA_Init
 .text.HAL_DMA_Start_IT
                0x000000000800171c       0xc0 ./Drivers/STM32F1xx_HAL_Driver/Src/stm32f1xx_hal_dma.o
                0x000000000800171c                HAL_DMA_Start_IT
 .text.HAL_DMA_Abort_IT
                0x00000000080017dc       0xf0 ./Drivers/STM32F1xx_HAL_Driver/Src/stm32f1xx_hal_dma.o
                0x00000000080017dc                HAL_DMA_Abort_IT
 .text.HAL_DMA_IRQHandler
                0x00000000080018cc      0x20c ./Drivers/STM32F1xx_HAL_Driver/Src/stm32f1xx_hal_dma.o
                0x00000000080018cc                HAL_DMA_IRQHandler
 .text.DMA_SetConfig
                0x0000000008001ad8       0x5a ./Drivers/STM32F1xx_HAL_Driver/Src/stm32f1xx_hal_dma.o
 *fill*         0x0000000008001b32        0x2 
 .text.HAL_GPIO_Init
                0x0000000008001b34      0x308 ./Drivers/STM32F1xx_HAL_Driver/Src/stm32f1xx_hal_gpio.o
                0x0000000008001b34                HAL_GPIO_Init
 .text.HAL_GPIO_ReadPin
                0x0000000008001e3c       0x2e ./Drivers/STM32F1xx_HAL_Driver/Src/stm32f1xx_hal_gpio.o
                0x0000000008001e3c                HAL_GPIO_ReadPin
 .text.HAL_GPIO_WritePin
                0x0000000008001e6a       0x30 ./Drivers/STM32F1xx_HAL_Driver/Src/stm32f1xx_hal_gpio.o
                0x0000000008001e6a                HAL_GPIO_WritePin
 .text.HAL_GPIO_TogglePin
                0x0000000008001e9a       0x32 ./Drivers/STM32F1xx_HAL_Driver/Src/stm32f1xx_hal_gpio.o
                0x0000000008001e9a                HAL_GPIO_TogglePin
 .text.HAL_GPIO_EXTI_IRQHandler
                0x0000000008001ecc       0x30 ./Drivers/STM32F1xx_HAL_Driver/Src/stm32f1xx_hal_gpio.o
                0x0000000008001ecc                HAL_GPIO_EXTI_IRQHandler
 .text.HAL_I2C_Init
                0x0000000008001efc      0x288 ./Drivers/STM32F1xx_HAL_Driver/Src/stm32f1xx_hal_i2c.o
                0x0000000008001efc                HAL_I2C_Init
 .text.HAL_I2C_Mem_Write
                0x0000000008002184      0x1f4 ./Drivers/STM32F1xx_HAL_Driver/Src/stm32f1xx_hal_i2c.o
                0x0000000008002184                HAL_I2C_Mem_Write
 .text.I2C_RequestMemoryWrite
                0x0000000008002378      0x12c ./Drivers/STM32F1xx_HAL_Driver/Src/stm32f1xx_hal_i2c.o
 .text.I2C_WaitOnFlagUntilTimeout
                0x00000000080024a4       0xf4 ./Drivers/STM32F1xx_HAL_Driver/Src/stm32f1xx_hal_i2c.o
 .text.I2C_WaitOnMasterAddressFlagUntilTimeout
                0x0000000008002598      0x140 ./Drivers/STM32F1xx_HAL_Driver/Src/stm32f1xx_hal_i2c.o
 .text.I2C_WaitOnTXEFlagUntilTimeout
                0x00000000080026d8       0x90 ./Drivers/STM32F1xx_HAL_Driver/Src/stm32f1xx_hal_i2c.o
 .text.I2C_WaitOnBTFFlagUntilTimeout
                0x0000000008002768       0x90 ./Drivers/STM32F1xx_HAL_Driver/Src/stm32f1xx_hal_i2c.o
 .text.I2C_IsAcknowledgeFailed
                0x00000000080027f8       0x5c ./Drivers/STM32F1xx_HAL_Driver/Src/stm32f1xx_hal_i2c.o
 .text.HAL_RCC_OscConfig
                0x0000000008002854      0x504 ./Drivers/STM32F1xx_HAL_Driver/Src/stm32f1xx_hal_rcc.o
                0x0000000008002854                HAL_RCC_OscConfig
 .text.HAL_RCC_ClockConfig
                0x0000000008002d58      0x1d4 ./Drivers/STM32F1xx_HAL_Driver/Src/stm32f1xx_hal_rcc.o
                0x0000000008002d58                HAL_RCC_ClockConfig
 .text.HAL_RCC_GetSysClockFreq
                0x0000000008002f2c       0xac ./Drivers/STM32F1xx_HAL_Driver/Src/stm32f1xx_hal_rcc.o
                0x0000000008002f2c                HAL_RCC_GetSysClockFreq
 .text.HAL_RCC_GetHCLKFreq
                0x0000000008002fd8       0x14 ./Drivers/STM32F1xx_HAL_Driver/Src/stm32f1xx_hal_rcc.o
                0x0000000008002fd8                HAL_RCC_GetHCLKFreq
 .text.HAL_RCC_GetPCLK1Freq
                0x0000000008002fec       0x28 ./Drivers/STM32F1xx_HAL_Driver/Src/stm32f1xx_hal_rcc.o
                0x0000000008002fec                HAL_RCC_GetPCLK1Freq
 .text.RCC_Delay
                0x0000000008003014       0x3c ./Drivers/STM32F1xx_HAL_Driver/Src/stm32f1xx_hal_rcc.o
 .text.HAL_TIM_Base_Init
                0x0000000008003050       0x9e ./Drivers/STM32F1xx_HAL_Driver/Src/stm32f1xx_hal_tim.o
                0x0000000008003050                HAL_TIM_Base_Init
 *fill*         0x00000000080030ee        0x2 
 .text.HAL_TIM_Base_Start
                0x00000000080030f0       0x94 ./Drivers/STM32F1xx_HAL_Driver/Src/stm32f1xx_hal_tim.o
                0x00000000080030f0                HAL_TIM_Base_Start
 .text.HAL_TIM_Base_Stop
                0x0000000008003184       0x4c ./Drivers/STM32F1xx_HAL_Driver/Src/stm32f1xx_hal_tim.o
                0x0000000008003184                HAL_TIM_Base_Stop
 .text.HAL_TIM_Base_Start_IT
                0x00000000080031d0       0xa4 ./Drivers/STM32F1xx_HAL_Driver/Src/stm32f1xx_hal_tim.o
                0x00000000080031d0                HAL_TIM_Base_Start_IT
 .text.HAL_TIM_Base_Stop_IT
                0x0000000008003274       0x5c ./Drivers/STM32F1xx_HAL_Driver/Src/stm32f1xx_hal_tim.o
                0x0000000008003274                HAL_TIM_Base_Stop_IT
 .text.HAL_TIM_PWM_Init
                0x00000000080032d0       0x9e ./Drivers/STM32F1xx_HAL_Driver/Src/stm32f1xx_hal_tim.o
                0x00000000080032d0                HAL_TIM_PWM_Init
 .text.HAL_TIM_PWM_MspInit
                0x000000000800336e       0x12 ./Drivers/STM32F1xx_HAL_Driver/Src/stm32f1xx_hal_tim.o
                0x000000000800336e                HAL_TIM_PWM_MspInit
 .text.HAL_TIM_PWM_Start
                0x0000000008003380      0x144 ./Drivers/STM32F1xx_HAL_Driver/Src/stm32f1xx_hal_tim.o
                0x0000000008003380                HAL_TIM_PWM_Start
 .text.HAL_TIM_IRQHandler
                0x00000000080034c4      0x1e0 ./Drivers/STM32F1xx_HAL_Driver/Src/stm32f1xx_hal_tim.o
                0x00000000080034c4                HAL_TIM_IRQHandler
 .text.HAL_TIM_PWM_ConfigChannel
                0x00000000080036a4      0x184 ./Drivers/STM32F1xx_HAL_Driver/Src/stm32f1xx_hal_tim.o
                0x00000000080036a4                HAL_TIM_PWM_ConfigChannel
 .text.HAL_TIM_ConfigClockSource
                0x0000000008003828      0x18e ./Drivers/STM32F1xx_HAL_Driver/Src/stm32f1xx_hal_tim.o
                0x0000000008003828                HAL_TIM_ConfigClockSource
 .text.HAL_TIM_OC_DelayElapsedCallback
                0x00000000080039b6       0x12 ./Drivers/STM32F1xx_HAL_Driver/Src/stm32f1xx_hal_tim.o
                0x00000000080039b6                HAL_TIM_OC_DelayElapsedCallback
 .text.HAL_TIM_IC_CaptureCallback
                0x00000000080039c8       0x12 ./Drivers/STM32F1xx_HAL_Driver/Src/stm32f1xx_hal_tim.o
                0x00000000080039c8                HAL_TIM_IC_CaptureCallback
 .text.HAL_TIM_PWM_PulseFinishedCallback
                0x00000000080039da       0x12 ./Drivers/STM32F1xx_HAL_Driver/Src/stm32f1xx_hal_tim.o
                0x00000000080039da                HAL_TIM_PWM_PulseFinishedCallback
 .text.HAL_TIM_TriggerCallback
                0x00000000080039ec       0x12 ./Drivers/STM32F1xx_HAL_Driver/Src/stm32f1xx_hal_tim.o
                0x00000000080039ec                HAL_TIM_TriggerCallback
 *fill*         0x00000000080039fe        0x2 
 .text.TIM_Base_SetConfig
                0x0000000008003a00       0xdc ./Drivers/STM32F1xx_HAL_Driver/Src/stm32f1xx_hal_tim.o
                0x0000000008003a00                TIM_Base_SetConfig
 .text.TIM_OC1_SetConfig
                0x0000000008003adc       0xcc ./Drivers/STM32F1xx_HAL_Driver/Src/stm32f1xx_hal_tim.o
 .text.TIM_OC2_SetConfig
                0x0000000008003ba8       0xd4 ./Drivers/STM32F1xx_HAL_Driver/Src/stm32f1xx_hal_tim.o
                0x0000000008003ba8                TIM_OC2_SetConfig
 .text.TIM_OC3_SetConfig
                0x0000000008003c7c       0xd4 ./Drivers/STM32F1xx_HAL_Driver/Src/stm32f1xx_hal_tim.o
 .text.TIM_OC4_SetConfig
                0x0000000008003d50       0x9c ./Drivers/STM32F1xx_HAL_Driver/Src/stm32f1xx_hal_tim.o
 .text.TIM_TI1_ConfigInputStage
                0x0000000008003dec       0x5c ./Drivers/STM32F1xx_HAL_Driver/Src/stm32f1xx_hal_tim.o
 .text.TIM_TI2_ConfigInputStage
                0x0000000008003e48       0x5e ./Drivers/STM32F1xx_HAL_Driver/Src/stm32f1xx_hal_tim.o
 .text.TIM_ITRx_SetConfig
                0x0000000008003ea6       0x34 ./Drivers/STM32F1xx_HAL_Driver/Src/stm32f1xx_hal_tim.o
 .text.TIM_ETR_SetConfig
                0x0000000008003eda       0x3e ./Drivers/STM32F1xx_HAL_Driver/Src/stm32f1xx_hal_tim.o
                0x0000000008003eda                TIM_ETR_SetConfig
 .text.TIM_CCxChannelCmd
                0x0000000008003f18       0x48 ./Drivers/STM32F1xx_HAL_Driver/Src/stm32f1xx_hal_tim.o
                0x0000000008003f18                TIM_CCxChannelCmd
 .text.HAL_TIMEx_MasterConfigSynchronization
                0x0000000008003f60       0xbc ./Drivers/STM32F1xx_HAL_Driver/Src/stm32f1xx_hal_tim_ex.o
                0x0000000008003f60                HAL_TIMEx_MasterConfigSynchronization
 .text.HAL_TIMEx_CommutCallback
                0x000000000800401c       0x12 ./Drivers/STM32F1xx_HAL_Driver/Src/stm32f1xx_hal_tim_ex.o
                0x000000000800401c                HAL_TIMEx_CommutCallback
 .text.HAL_TIMEx_BreakCallback
                0x000000000800402e       0x12 ./Drivers/STM32F1xx_HAL_Driver/Src/stm32f1xx_hal_tim_ex.o
                0x000000000800402e                HAL_TIMEx_BreakCallback
 .text.memset   0x0000000008004040       0x10 D:/STM32CubeIDE_1.14.1/STM32CubeIDE/plugins/com.st.stm32cube.ide.mcu.externaltools.gnu-tools-for-stm32.11.3.rel1.win32_1.1.100.202309141235/tools/bin/../lib/gcc/arm-none-eabi/11.3.1/../../../../arm-none-eabi/lib/thumb/v7-m/nofp\libc_nano.a(libc_a-memset.o)
                0x0000000008004040                memset
 .text.__libc_init_array
                0x0000000008004050       0x48 D:/STM32CubeIDE_1.14.1/STM32CubeIDE/plugins/com.st.stm32cube.ide.mcu.externaltools.gnu-tools-for-stm32.11.3.rel1.win32_1.1.100.202309141235/tools/bin/../lib/gcc/arm-none-eabi/11.3.1/../../../../arm-none-eabi/lib/thumb/v7-m/nofp\libc_nano.a(libc_a-init.o)
                0x0000000008004050                __libc_init_array
 *(.glue_7)
 .glue_7        0x0000000008004098        0x0 linker stubs
 *(.glue_7t)
 .glue_7t       0x0000000008004098        0x0 linker stubs
 *(.eh_frame)
 .eh_frame      0x0000000008004098        0x0 D:/STM32CubeIDE_1.14.1/STM32CubeIDE/plugins/com.st.stm32cube.ide.mcu.externaltools.gnu-tools-for-stm32.11.3.rel1.win32_1.1.100.202309141235/tools/bin/../lib/gcc/arm-none-eabi/11.3.1/thumb/v7-m/nofp/crtbegin.o
 *(.init)
 .init          0x0000000008004098        0x4 D:/STM32CubeIDE_1.14.1/STM32CubeIDE/plugins/com.st.stm32cube.ide.mcu.externaltools.gnu-tools-for-stm32.11.3.rel1.win32_1.1.100.202309141235/tools/bin/../lib/gcc/arm-none-eabi/11.3.1/thumb/v7-m/nofp/crti.o
                0x0000000008004098                _init
 .init          0x000000000800409c        0x8 D:/STM32CubeIDE_1.14.1/STM32CubeIDE/plugins/com.st.stm32cube.ide.mcu.externaltools.gnu-tools-for-stm32.11.3.rel1.win32_1.1.100.202309141235/tools/bin/../lib/gcc/arm-none-eabi/11.3.1/thumb/v7-m/nofp/crtn.o
 *(.fini)
 .fini          0x00000000080040a4        0x4 D:/STM32CubeIDE_1.14.1/STM32CubeIDE/plugins/com.st.stm32cube.ide.mcu.externaltools.gnu-tools-for-stm32.11.3.rel1.win32_1.1.100.202309141235/tools/bin/../lib/gcc/arm-none-eabi/11.3.1/thumb/v7-m/nofp/crti.o
                0x00000000080040a4                _fini
 .fini          0x00000000080040a8        0x8 D:/STM32CubeIDE_1.14.1/STM32CubeIDE/plugins/com.st.stm32cube.ide.mcu.externaltools.gnu-tools-for-stm32.11.3.rel1.win32_1.1.100.202309141235/tools/bin/../lib/gcc/arm-none-eabi/11.3.1/thumb/v7-m/nofp/crtn.o
                0x00000000080040b0                . = ALIGN (0x4)
                0x00000000080040b0                _etext = .

.vfp11_veneer   0x00000000080040b0        0x0
 .vfp11_veneer  0x00000000080040b0        0x0 linker stubs

.v4_bx          0x00000000080040b0        0x0
 .v4_bx         0x00000000080040b0        0x0 linker stubs

.iplt           0x00000000080040b0        0x0
 .iplt          0x00000000080040b0        0x0 D:/STM32CubeIDE_1.14.1/STM32CubeIDE/plugins/com.st.stm32cube.ide.mcu.externaltools.gnu-tools-for-stm32.11.3.rel1.win32_1.1.100.202309141235/tools/bin/../lib/gcc/arm-none-eabi/11.3.1/thumb/v7-m/nofp/crtbegin.o

.rodata         0x00000000080040b0     0xaf94
                0x00000000080040b0                . = ALIGN (0x4)
 *(.rodata)
 .rodata        0x00000000080040b0       0x5c ./Core/Src/main.o
 *(.rodata*)
 .rodata.shoot_sound
                0x000000000800410c     0x1718 ./Core/Src/main.o
                0x000000000800410c                shoot_sound
 .rodata.reload_sound
                0x0000000008005824     0x3cba ./Core/Src/main.o
                0x0000000008005824                reload_sound
 *fill*         0x00000000080094de        0x2 
 .rodata.out_of_ammo_sound
                0x00000000080094e0     0x1e60 ./Core/Src/main.o
                0x00000000080094e0                out_of_ammo_sound
 .rodata.switch_sound
                0x000000000800b340     0x149e ./Core/Src/main.o
                0x000000000800b340                switch_sound
 *fill*         0x000000000800c7de        0x2 
 .rodata.Font7x10
                0x000000000800c7e0      0x76c ./Core/Src/ssd1306_fonts.o
 .rodata.Font11x18
                0x000000000800cf4c      0xd5c ./Core/Src/ssd1306_fonts.o
 .rodata.Font16x26
                0x000000000800dca8     0x134c ./Core/Src/ssd1306_fonts.o
 .rodata.Font_7x10
                0x000000000800eff4        0xc ./Core/Src/ssd1306_fonts.o
                0x000000000800eff4                Font_7x10
 .rodata.Font_11x18
                0x000000000800f000        0xc ./Core/Src/ssd1306_fonts.o
                0x000000000800f000                Font_11x18
 .rodata.Font_16x26
                0x000000000800f00c        0xc ./Core/Src/ssd1306_fonts.o
                0x000000000800f00c                Font_16x26
 .rodata.AHBPrescTable
                0x000000000800f018       0x10 ./Core/Src/system_stm32f1xx.o
                0x000000000800f018                AHBPrescTable
 .rodata.APBPrescTable
                0x000000000800f028        0x8 ./Core/Src/system_stm32f1xx.o
                0x000000000800f028                APBPrescTable
 .rodata.aPLLMULFactorTable.1
                0x000000000800f030       0x10 ./Drivers/STM32F1xx_HAL_Driver/Src/stm32f1xx_hal_rcc.o
 .rodata.aPredivFactorTable.0
                0x000000000800f040        0x2 ./Drivers/STM32F1xx_HAL_Driver/Src/stm32f1xx_hal_rcc.o
                0x000000000800f044                . = ALIGN (0x4)
 *fill*         0x000000000800f042        0x2 

.rel.dyn        0x000000000800f044        0x0
 .rel.iplt      0x000000000800f044        0x0 D:/STM32CubeIDE_1.14.1/STM32CubeIDE/plugins/com.st.stm32cube.ide.mcu.externaltools.gnu-tools-for-stm32.11.3.rel1.win32_1.1.100.202309141235/tools/bin/../lib/gcc/arm-none-eabi/11.3.1/thumb/v7-m/nofp/crtbegin.o

.ARM.extab      0x000000000800f044        0x0
                0x000000000800f044                . = ALIGN (0x4)
 *(.ARM.extab* .gnu.linkonce.armextab.*)
                0x000000000800f044                . = ALIGN (0x4)

.ARM            0x000000000800f044        0x0
                0x000000000800f044                . = ALIGN (0x4)
                0x000000000800f044                __exidx_start = .
 *(.ARM.exidx*)
                0x000000000800f044                __exidx_end = .
                0x000000000800f044                . = ALIGN (0x4)

.preinit_array  0x000000000800f044        0x0
                0x000000000800f044                . = ALIGN (0x4)
                0x000000000800f044                PROVIDE (__preinit_array_start = .)
 *(.preinit_array*)
                0x000000000800f044                PROVIDE (__preinit_array_end = .)
                0x000000000800f044                . = ALIGN (0x4)

.init_array     0x000000000800f044        0x4
                0x000000000800f044                . = ALIGN (0x4)
                0x000000000800f044                PROVIDE (__init_array_start = .)
 *(SORT_BY_NAME(.init_array.*))
 *(.init_array*)
 .init_array    0x000000000800f044        0x4 D:/STM32CubeIDE_1.14.1/STM32CubeIDE/plugins/com.st.stm32cube.ide.mcu.externaltools.gnu-tools-for-stm32.11.3.rel1.win32_1.1.100.202309141235/tools/bin/../lib/gcc/arm-none-eabi/11.3.1/thumb/v7-m/nofp/crtbegin.o
                0x000000000800f048                PROVIDE (__init_array_end = .)
                0x000000000800f048                . = ALIGN (0x4)

.fini_array     0x000000000800f048        0x4
                0x000000000800f048                . = ALIGN (0x4)
                [!provide]                        PROVIDE (__fini_array_start = .)
 *(SORT_BY_NAME(.fini_array.*))
 *(.fini_array*)
 .fini_array    0x000000000800f048        0x4 D:/STM32CubeIDE_1.14.1/STM32CubeIDE/plugins/com.st.stm32cube.ide.mcu.externaltools.gnu-tools-for-stm32.11.3.rel1.win32_1.1.100.202309141235/tools/bin/../lib/gcc/arm-none-eabi/11.3.1/thumb/v7-m/nofp/crtbegin.o
                [!provide]                        PROVIDE (__fini_array_end = .)
                0x000000000800f04c                . = ALIGN (0x4)
                0x000000000800f04c                _sidata = LOADADDR (.data)

.data           0x0000000020000000       0x1c load address 0x000000000800f04c
                0x0000000020000000                . = ALIGN (0x4)
                0x0000000020000000                _sdata = .
 *(.data)
 *(.data*)
 .data.bullets  0x0000000020000000        0x4 ./Core/Src/main.o
                0x0000000020000000                bullets
 .data.modes    0x0000000020000004        0xc ./Core/Src/main.o
                0x0000000020000004                modes
 .data.SystemCoreClock
                0x0000000020000010        0x4 ./Core/Src/system_stm32f1xx.o
                0x0000000020000010                SystemCoreClock
 .data.uwTickPrio
                0x0000000020000014        0x4 ./Drivers/STM32F1xx_HAL_Driver/Src/stm32f1xx_hal.o
                0x0000000020000014                uwTickPrio
 .data.uwTickFreq
                0x0000000020000018        0x1 ./Drivers/STM32F1xx_HAL_Driver/Src/stm32f1xx_hal.o
                0x0000000020000018                uwTickFreq
 *(.RamFunc)
 *(.RamFunc*)
                0x000000002000001c                . = ALIGN (0x4)
 *fill*         0x0000000020000019        0x3 
                0x000000002000001c                _edata = .

.igot.plt       0x000000002000001c        0x0 load address 0x000000000800f068
 .igot.plt      0x000000002000001c        0x0 D:/STM32CubeIDE_1.14.1/STM32CubeIDE/plugins/com.st.stm32cube.ide.mcu.externaltools.gnu-tools-for-stm32.11.3.rel1.win32_1.1.100.202309141235/tools/bin/../lib/gcc/arm-none-eabi/11.3.1/thumb/v7-m/nofp/crtbegin.o
                0x000000002000001c                . = ALIGN (0x4)

.bss            0x000000002000001c      0x5ec load address 0x000000000800f068
                0x000000002000001c                _sbss = .
                0x000000002000001c                __bss_start__ = _sbss
 *(.bss)
 .bss           0x000000002000001c       0x1c D:/STM32CubeIDE_1.14.1/STM32CubeIDE/plugins/com.st.stm32cube.ide.mcu.externaltools.gnu-tools-for-stm32.11.3.rel1.win32_1.1.100.202309141235/tools/bin/../lib/gcc/arm-none-eabi/11.3.1/thumb/v7-m/nofp/crtbegin.o
 *(.bss*)
 .bss.hi2c2     0x0000000020000038       0x54 ./Core/Src/main.o
                0x0000000020000038                hi2c2
 .bss.htim1     0x000000002000008c       0x48 ./Core/Src/main.o
                0x000000002000008c                htim1
 .bss.htim2     0x00000000200000d4       0x48 ./Core/Src/main.o
                0x00000000200000d4                htim2
 .bss.htim3     0x000000002000011c       0x48 ./Core/Src/main.o
                0x000000002000011c                htim3
 .bss.htim4     0x0000000020000164       0x48 ./Core/Src/main.o
                0x0000000020000164                htim4
 .bss.hdma_tim3_ch4_up
                0x00000000200001ac       0x44 ./Core/Src/main.o
                0x00000000200001ac                hdma_tim3_ch4_up
 .bss.mode      0x00000000200001f0        0x4 ./Core/Src/main.o
                0x00000000200001f0                mode
 .bss.out_of_ammo
                0x00000000200001f4        0x1 ./Core/Src/main.o
                0x00000000200001f4                out_of_ammo
 .bss.reloading
                0x00000000200001f5        0x1 ./Core/Src/main.o
                0x00000000200001f5                reloading
 *fill*         0x00000000200001f6        0x2 
 .bss.last_button_press_time
                0x00000000200001f8        0x4 ./Core/Src/main.o
                0x00000000200001f8                last_button_press_time
 .bss.SSD1306_Buffer
                0x00000000200001fc      0x400 ./Core/Src/ssd1306.o
 .bss.SSD1306   0x00000000200005fc        0x6 ./Core/Src/ssd1306.o
 *fill*         0x0000000020000602        0x2 
 .bss.uwTick    0x0000000020000604        0x4 ./Drivers/STM32F1xx_HAL_Driver/Src/stm32f1xx_hal.o
                0x0000000020000604                uwTick
 *(COMMON)
                0x0000000020000608                . = ALIGN (0x4)
                0x0000000020000608                _ebss = .
                0x0000000020000608                __bss_end__ = _ebss

._user_heap_stack
                0x0000000020000608      0x600 load address 0x000000000800f068
                0x0000000020000608                . = ALIGN (0x8)
                [!provide]                        PROVIDE (end = .)
                0x0000000020000608                PROVIDE (_end = .)
                0x0000000020000808                . = (. + _Min_Heap_Size)
 *fill*         0x0000000020000608      0x200 
                0x0000000020000c08                . = (. + _Min_Stack_Size)
 *fill*         0x0000000020000808      0x400 
                0x0000000020000c08                . = ALIGN (0x8)

/DISCARD/
 libc.a(*)
 libm.a(*)
 libgcc.a(*)

.ARM.attributes
                0x0000000000000000       0x29
 *(.ARM.attributes)
 .ARM.attributes
                0x0000000000000000       0x1d D:/STM32CubeIDE_1.14.1/STM32CubeIDE/plugins/com.st.stm32cube.ide.mcu.externaltools.gnu-tools-for-stm32.11.3.rel1.win32_1.1.100.202309141235/tools/bin/../lib/gcc/arm-none-eabi/11.3.1/thumb/v7-m/nofp/crti.o
 .ARM.attributes
                0x000000000000001d       0x2d D:/STM32CubeIDE_1.14.1/STM32CubeIDE/plugins/com.st.stm32cube.ide.mcu.externaltools.gnu-tools-for-stm32.11.3.rel1.win32_1.1.100.202309141235/tools/bin/../lib/gcc/arm-none-eabi/11.3.1/thumb/v7-m/nofp/crtbegin.o
 .ARM.attributes
                0x000000000000004a       0x2d ./Core/Src/main.o
 .ARM.attributes
                0x0000000000000077       0x2d ./Core/Src/ssd1306.o
 .ARM.attributes
                0x00000000000000a4       0x2d ./Core/Src/ssd1306_fonts.o
 .ARM.attributes
                0x00000000000000d1       0x2d ./Core/Src/stm32f1xx_hal_msp.o
 .ARM.attributes
                0x00000000000000fe       0x2d ./Core/Src/stm32f1xx_it.o
 .ARM.attributes
                0x000000000000012b       0x2d ./Core/Src/system_stm32f1xx.o
 .ARM.attributes
                0x0000000000000158       0x21 ./Core/Startup/startup_stm32f103c8tx.o
 .ARM.attributes
                0x0000000000000179       0x2d ./Drivers/STM32F1xx_HAL_Driver/Src/stm32f1xx_hal.o
 .ARM.attributes
                0x00000000000001a6       0x2d ./Drivers/STM32F1xx_HAL_Driver/Src/stm32f1xx_hal_cortex.o
 .ARM.attributes
                0x00000000000001d3       0x2d ./Drivers/STM32F1xx_HAL_Driver/Src/stm32f1xx_hal_dma.o
 .ARM.attributes
                0x0000000000000200       0x2d ./Drivers/STM32F1xx_HAL_Driver/Src/stm32f1xx_hal_gpio.o
 .ARM.attributes
                0x000000000000022d       0x2d ./Drivers/STM32F1xx_HAL_Driver/Src/stm32f1xx_hal_i2c.o
 .ARM.attributes
                0x000000000000025a       0x2d ./Drivers/STM32F1xx_HAL_Driver/Src/stm32f1xx_hal_rcc.o
 .ARM.attributes
                0x0000000000000287       0x2d ./Drivers/STM32F1xx_HAL_Driver/Src/stm32f1xx_hal_tim.o
 .ARM.attributes
                0x00000000000002b4       0x2d ./Drivers/STM32F1xx_HAL_Driver/Src/stm32f1xx_hal_tim_ex.o
 .ARM.attributes
                0x00000000000002e1       0x2d D:/STM32CubeIDE_1.14.1/STM32CubeIDE/plugins/com.st.stm32cube.ide.mcu.externaltools.gnu-tools-for-stm32.11.3.rel1.win32_1.1.100.202309141235/tools/bin/../lib/gcc/arm-none-eabi/11.3.1/../../../../arm-none-eabi/lib/thumb/v7-m/nofp\libc_nano.a(libc_a-memset.o)
 .ARM.attributes
                0x000000000000030e       0x2d D:/STM32CubeIDE_1.14.1/STM32CubeIDE/plugins/com.st.stm32cube.ide.mcu.externaltools.gnu-tools-for-stm32.11.3.rel1.win32_1.1.100.202309141235/tools/bin/../lib/gcc/arm-none-eabi/11.3.1/../../../../arm-none-eabi/lib/thumb/v7-m/nofp\libc_nano.a(libc_a-init.o)
 .ARM.attributes
                0x000000000000033b       0x1d D:/STM32CubeIDE_1.14.1/STM32CubeIDE/plugins/com.st.stm32cube.ide.mcu.externaltools.gnu-tools-for-stm32.11.3.rel1.win32_1.1.100.202309141235/tools/bin/../lib/gcc/arm-none-eabi/11.3.1/thumb/v7-m/nofp/crtn.o
OUTPUT(LaserGun.elf elf32-littlearm)
LOAD linker stubs
LOAD D:/STM32CubeIDE_1.14.1/STM32CubeIDE/plugins/com.st.stm32cube.ide.mcu.externaltools.gnu-tools-for-stm32.11.3.rel1.win32_1.1.100.202309141235/tools/bin/../lib/gcc/arm-none-eabi/11.3.1/../../../../arm-none-eabi/lib/thumb/v7-m/nofp\libc.a
LOAD D:/STM32CubeIDE_1.14.1/STM32CubeIDE/plugins/com.st.stm32cube.ide.mcu.externaltools.gnu-tools-for-stm32.11.3.rel1.win32_1.1.100.202309141235/tools/bin/../lib/gcc/arm-none-eabi/11.3.1/../../../../arm-none-eabi/lib/thumb/v7-m/nofp\libm.a
LOAD D:/STM32CubeIDE_1.14.1/STM32CubeIDE/plugins/com.st.stm32cube.ide.mcu.externaltools.gnu-tools-for-stm32.11.3.rel1.win32_1.1.100.202309141235/tools/bin/../lib/gcc/arm-none-eabi/11.3.1/thumb/v7-m/nofp\libgcc.a

.comment        0x0000000000000000       0x43
 .comment       0x0000000000000000       0x43 D:/STM32CubeIDE_1.14.1/STM32CubeIDE/plugins/com.st.stm32cube.ide.mcu.externaltools.gnu-tools-for-stm32.11.3.rel1.win32_1.1.100.202309141235/tools/bin/../lib/gcc/arm-none-eabi/11.3.1/thumb/v7-m/nofp/crtbegin.o
                                         0x44 (size before relaxing)
 .comment       0x0000000000000043       0x44 ./Core/Src/main.o
 .comment       0x0000000000000043       0x44 ./Core/Src/ssd1306.o
 .comment       0x0000000000000043       0x44 ./Core/Src/ssd1306_fonts.o
 .comment       0x0000000000000043       0x44 ./Core/Src/stm32f1xx_hal_msp.o
 .comment       0x0000000000000043       0x44 ./Core/Src/stm32f1xx_it.o
 .comment       0x0000000000000043       0x44 ./Core/Src/system_stm32f1xx.o
 .comment       0x0000000000000043       0x44 ./Drivers/STM32F1xx_HAL_Driver/Src/stm32f1xx_hal.o
 .comment       0x0000000000000043       0x44 ./Drivers/STM32F1xx_HAL_Driver/Src/stm32f1xx_hal_cortex.o
 .comment       0x0000000000000043       0x44 ./Drivers/STM32F1xx_HAL_Driver/Src/stm32f1xx_hal_dma.o
 .comment       0x0000000000000043       0x44 ./Drivers/STM32F1xx_HAL_Driver/Src/stm32f1xx_hal_gpio.o
 .comment       0x0000000000000043       0x44 ./Drivers/STM32F1xx_HAL_Driver/Src/stm32f1xx_hal_i2c.o
 .comment       0x0000000000000043       0x44 ./Drivers/STM32F1xx_HAL_Driver/Src/stm32f1xx_hal_rcc.o
 .comment       0x0000000000000043       0x44 ./Drivers/STM32F1xx_HAL_Driver/Src/stm32f1xx_hal_tim.o
 .comment       0x0000000000000043       0x44 ./Drivers/STM32F1xx_HAL_Driver/Src/stm32f1xx_hal_tim_ex.o

.debug_info     0x0000000000000000     0xccb3
 .debug_info    0x0000000000000000     0x16d4 ./Core/Src/main.o
 .debug_info    0x00000000000016d4     0x1239 ./Core/Src/ssd1306.o
 .debug_info    0x000000000000290d      0x2a4 ./Core/Src/ssd1306_fonts.o
 .debug_info    0x0000000000002bb1      0xeaa ./Core/Src/stm32f1xx_hal_msp.o
 .debug_info    0x0000000000003a5b      0x71e ./Core/Src/stm32f1xx_it.o
 .debug_info    0x0000000000004179      0x222 ./Core/Src/system_stm32f1xx.o
 .debug_info    0x000000000000439b       0x23 ./Core/Startup/startup_stm32f103c8tx.o
 .debug_info    0x00000000000043be      0x704 ./Drivers/STM32F1xx_HAL_Driver/Src/stm32f1xx_hal.o
 .debug_info    0x0000000000004ac2      0xa87 ./Drivers/STM32F1xx_HAL_Driver/Src/stm32f1xx_hal_cortex.o
 .debug_info    0x0000000000005549      0x6d2 ./Drivers/STM32F1xx_HAL_Driver/Src/stm32f1xx_hal_dma.o
 .debug_info    0x0000000000005c1b      0x5ab ./Drivers/STM32F1xx_HAL_Driver/Src/stm32f1xx_hal_gpio.o
 .debug_info    0x00000000000061c6     0x2524 ./Drivers/STM32F1xx_HAL_Driver/Src/stm32f1xx_hal_i2c.o
 .debug_info    0x00000000000086ea      0x7d5 ./Drivers/STM32F1xx_HAL_Driver/Src/stm32f1xx_hal_rcc.o
 .debug_info    0x0000000000008ebf     0x2959 ./Drivers/STM32F1xx_HAL_Driver/Src/stm32f1xx_hal_tim.o
 .debug_info    0x000000000000b818     0x149b ./Drivers/STM32F1xx_HAL_Driver/Src/stm32f1xx_hal_tim_ex.o

.debug_abbrev   0x0000000000000000     0x1fe5
 .debug_abbrev  0x0000000000000000      0x34e ./Core/Src/main.o
 .debug_abbrev  0x000000000000034e      0x371 ./Core/Src/ssd1306.o
 .debug_abbrev  0x00000000000006bf       0xcf ./Core/Src/ssd1306_fonts.o
 .debug_abbrev  0x000000000000078e      0x240 ./Core/Src/stm32f1xx_hal_msp.o
 .debug_abbrev  0x00000000000009ce      0x1a9 ./Core/Src/stm32f1xx_it.o
 .debug_abbrev  0x0000000000000b77      0x13f ./Core/Src/system_stm32f1xx.o
 .debug_abbrev  0x0000000000000cb6       0x12 ./Core/Startup/startup_stm32f103c8tx.o
 .debug_abbrev  0x0000000000000cc8      0x201 ./Drivers/STM32F1xx_HAL_Driver/Src/stm32f1xx_hal.o
 .debug_abbrev  0x0000000000000ec9      0x2f8 ./Drivers/STM32F1xx_HAL_Driver/Src/stm32f1xx_hal_cortex.o
 .debug_abbrev  0x00000000000011c1      0x20b ./Drivers/STM32F1xx_HAL_Driver/Src/stm32f1xx_hal_dma.o
 .debug_abbrev  0x00000000000013cc      0x1ca ./Drivers/STM32F1xx_HAL_Driver/Src/stm32f1xx_hal_gpio.o
 .debug_abbrev  0x0000000000001596      0x2a3 ./Drivers/STM32F1xx_HAL_Driver/Src/stm32f1xx_hal_i2c.o
 .debug_abbrev  0x0000000000001839      0x2b3 ./Drivers/STM32F1xx_HAL_Driver/Src/stm32f1xx_hal_rcc.o
 .debug_abbrev  0x0000000000001aec      0x277 ./Drivers/STM32F1xx_HAL_Driver/Src/stm32f1xx_hal_tim.o
 .debug_abbrev  0x0000000000001d63      0x282 ./Drivers/STM32F1xx_HAL_Driver/Src/stm32f1xx_hal_tim_ex.o

.debug_aranges  0x0000000000000000      0xe10
 .debug_aranges
                0x0000000000000000       0xd0 ./Core/Src/main.o
 .debug_aranges
                0x00000000000000d0       0xe8 ./Core/Src/ssd1306.o
 .debug_aranges
                0x00000000000001b8       0x18 ./Core/Src/ssd1306_fonts.o
 .debug_aranges
                0x00000000000001d0       0x48 ./Core/Src/stm32f1xx_hal_msp.o
 .debug_aranges
                0x0000000000000218       0x80 ./Core/Src/stm32f1xx_it.o
 .debug_aranges
                0x0000000000000298       0x28 ./Core/Src/system_stm32f1xx.o
 .debug_aranges
                0x00000000000002c0       0x28 ./Core/Startup/startup_stm32f103c8tx.o
 .debug_aranges
                0x00000000000002e8       0xe0 ./Drivers/STM32F1xx_HAL_Driver/Src/stm32f1xx_hal.o
 .debug_aranges
                0x00000000000003c8      0x100 ./Drivers/STM32F1xx_HAL_Driver/Src/stm32f1xx_hal_cortex.o
 .debug_aranges
                0x00000000000004c8       0x80 ./Drivers/STM32F1xx_HAL_Driver/Src/stm32f1xx_hal_dma.o
 .debug_aranges
                0x0000000000000548       0x58 ./Drivers/STM32F1xx_HAL_Driver/Src/stm32f1xx_hal_gpio.o
 .debug_aranges
                0x00000000000005a0      0x2a8 ./Drivers/STM32F1xx_HAL_Driver/Src/stm32f1xx_hal_i2c.o
 .debug_aranges
                0x0000000000000848       0x90 ./Drivers/STM32F1xx_HAL_Driver/Src/stm32f1xx_hal_rcc.o
 .debug_aranges
                0x00000000000008d8      0x3d0 ./Drivers/STM32F1xx_HAL_Driver/Src/stm32f1xx_hal_tim.o
 .debug_aranges
                0x0000000000000ca8      0x168 ./Drivers/STM32F1xx_HAL_Driver/Src/stm32f1xx_hal_tim_ex.o

.debug_rnglists
                0x0000000000000000      0xafd
 .debug_rnglists
                0x0000000000000000       0x9e ./Core/Src/main.o
 .debug_rnglists
                0x000000000000009e       0xb4 ./Core/Src/ssd1306.o
 .debug_rnglists
                0x0000000000000152       0x35 ./Core/Src/stm32f1xx_hal_msp.o
 .debug_rnglists
                0x0000000000000187       0x5b ./Core/Src/stm32f1xx_it.o
 .debug_rnglists
                0x00000000000001e2       0x1a ./Core/Src/system_stm32f1xx.o
 .debug_rnglists
                0x00000000000001fc       0x19 ./Core/Startup/startup_stm32f103c8tx.o
 .debug_rnglists
                0x0000000000000215       0xa3 ./Drivers/STM32F1xx_HAL_Driver/Src/stm32f1xx_hal.o
 .debug_rnglists
                0x00000000000002b8       0xbb ./Drivers/STM32F1xx_HAL_Driver/Src/stm32f1xx_hal_cortex.o
 .debug_rnglists
                0x0000000000000373       0x64 ./Drivers/STM32F1xx_HAL_Driver/Src/stm32f1xx_hal_dma.o
 .debug_rnglists
                0x00000000000003d7       0x3f ./Drivers/STM32F1xx_HAL_Driver/Src/stm32f1xx_hal_gpio.o
 .debug_rnglists
                0x0000000000000416      0x23c ./Drivers/STM32F1xx_HAL_Driver/Src/stm32f1xx_hal_i2c.o
 .debug_rnglists
                0x0000000000000652       0x6c ./Drivers/STM32F1xx_HAL_Driver/Src/stm32f1xx_hal_rcc.o
 .debug_rnglists
                0x00000000000006be      0x31a ./Drivers/STM32F1xx_HAL_Driver/Src/stm32f1xx_hal_tim.o
 .debug_rnglists
                0x00000000000009d8      0x125 ./Drivers/STM32F1xx_HAL_Driver/Src/stm32f1xx_hal_tim_ex.o

.debug_macro    0x0000000000000000    0x17d6c
 .debug_macro   0x0000000000000000      0x2c3 ./Core/Src/main.o
 .debug_macro   0x00000000000002c3      0xa9c ./Core/Src/main.o
 .debug_macro   0x0000000000000d5f      0x221 ./Core/Src/main.o
 .debug_macro   0x0000000000000f80       0x2e ./Core/Src/main.o
 .debug_macro   0x0000000000000fae       0x22 ./Core/Src/main.o
 .debug_macro   0x0000000000000fd0       0x22 ./Core/Src/main.o
 .debug_macro   0x0000000000000ff2       0x8e ./Core/Src/main.o
 .debug_macro   0x0000000000001080       0x51 ./Core/Src/main.o
 .debug_macro   0x00000000000010d1      0x103 ./Core/Src/main.o
 .debug_macro   0x00000000000011d4       0x6a ./Core/Src/main.o
 .debug_macro   0x000000000000123e      0x1df ./Core/Src/main.o
 .debug_macro   0x000000000000141d       0x1c ./Core/Src/main.o
 .debug_macro   0x0000000000001439       0x22 ./Core/Src/main.o
 .debug_macro   0x000000000000145b       0xbd ./Core/Src/main.o
 .debug_macro   0x0000000000001518      0xd23 ./Core/Src/main.o
 .debug_macro   0x000000000000223b     0xe09e ./Core/Src/main.o
 .debug_macro   0x00000000000102d9       0x6d ./Core/Src/main.o
 .debug_macro   0x0000000000010346     0x34a2 ./Core/Src/main.o
 .debug_macro   0x00000000000137e8      0x174 ./Core/Src/main.o
 .debug_macro   0x000000000001395c       0x5c ./Core/Src/main.o
 .debug_macro   0x00000000000139b8      0x5bc ./Core/Src/main.o
 .debug_macro   0x0000000000013f74      0x289 ./Core/Src/main.o
 .debug_macro   0x00000000000141fd      0x1cb ./Core/Src/main.o
 .debug_macro   0x00000000000143c8      0x114 ./Core/Src/main.o
 .debug_macro   0x00000000000144dc      0x1b2 ./Core/Src/main.o
 .debug_macro   0x000000000001468e       0x27 ./Core/Src/main.o
 .debug_macro   0x00000000000146b5      0x136 ./Core/Src/main.o
 .debug_macro   0x00000000000147eb      0x1bc ./Core/Src/main.o
 .debug_macro   0x00000000000149a7       0x34 ./Core/Src/main.o
 .debug_macro   0x00000000000149db       0x3c ./Core/Src/main.o
 .debug_macro   0x0000000000014a17       0x57 ./Core/Src/main.o
 .debug_macro   0x0000000000014a6e       0x87 ./Core/Src/main.o
 .debug_macro   0x0000000000014af5      0x240 ./Core/Src/main.o
 .debug_macro   0x0000000000014d35      0x287 ./Core/Src/main.o
 .debug_macro   0x0000000000014fbc      0x140 ./Core/Src/main.o
 .debug_macro   0x00000000000150fc      0x8ed ./Core/Src/main.o
 .debug_macro   0x00000000000159e9       0x83 ./Core/Src/main.o
 .debug_macro   0x0000000000015a6c       0x5e ./Core/Src/main.o
 .debug_macro   0x0000000000015aca       0x22 ./Core/Src/main.o
 .debug_macro   0x0000000000015aec       0x61 ./Core/Src/main.o
 .debug_macro   0x0000000000015b4d       0x24 ./Core/Src/main.o
 .debug_macro   0x0000000000015b71       0x43 ./Core/Src/main.o
 .debug_macro   0x0000000000015bb4       0x34 ./Core/Src/main.o
 .debug_macro   0x0000000000015be8       0x46 ./Core/Src/main.o
 .debug_macro   0x0000000000015c2e       0x4c ./Core/Src/main.o
 .debug_macro   0x0000000000015c7a       0x16 ./Core/Src/main.o
 .debug_macro   0x0000000000015c90       0x43 ./Core/Src/main.o
 .debug_macro   0x0000000000015cd3       0x34 ./Core/Src/main.o
 .debug_macro   0x0000000000015d07       0x10 ./Core/Src/main.o
 .debug_macro   0x0000000000015d17       0x58 ./Core/Src/main.o
 .debug_macro   0x0000000000015d6f       0x8e ./Core/Src/main.o
 .debug_macro   0x0000000000015dfd       0x1c ./Core/Src/main.o
 .debug_macro   0x0000000000015e19      0x177 ./Core/Src/main.o
 .debug_macro   0x0000000000015f90      0x369 ./Core/Src/main.o
 .debug_macro   0x00000000000162f9       0x10 ./Core/Src/main.o
 .debug_macro   0x0000000000016309       0x35 ./Core/Src/main.o
 .debug_macro   0x000000000001633e       0x20 ./Core/Src/main.o
 .debug_macro   0x000000000001635e      0x2ce ./Core/Src/ssd1306.o
 .debug_macro   0x000000000001662c       0x28 ./Core/Src/ssd1306.o
 .debug_macro   0x0000000000016654      0x19b ./Core/Src/ssd1306.o
 .debug_macro   0x00000000000167ef       0x16 ./Core/Src/ssd1306.o
 .debug_macro   0x0000000000016805       0x16 ./Core/Src/ssd1306.o
 .debug_macro   0x000000000001681b       0x29 ./Core/Src/ssd1306.o
 .debug_macro   0x0000000000016844       0x16 ./Core/Src/ssd1306.o
 .debug_macro   0x000000000001685a      0x1f9 ./Core/Src/ssd1306_fonts.o
 .debug_macro   0x0000000000016a53      0x1b2 ./Core/Src/stm32f1xx_hal_msp.o
 .debug_macro   0x0000000000016c05      0x1bc ./Core/Src/stm32f1xx_it.o
 .debug_macro   0x0000000000016dc1      0x1a3 ./Core/Src/system_stm32f1xx.o
 .debug_macro   0x0000000000016f64      0x1c7 ./Drivers/STM32F1xx_HAL_Driver/Src/stm32f1xx_hal.o
 .debug_macro   0x000000000001712b      0x1a3 ./Drivers/STM32F1xx_HAL_Driver/Src/stm32f1xx_hal_cortex.o
 .debug_macro   0x00000000000172ce      0x1a3 ./Drivers/STM32F1xx_HAL_Driver/Src/stm32f1xx_hal_dma.o
 .debug_macro   0x0000000000017471      0x20e ./Drivers/STM32F1xx_HAL_Driver/Src/stm32f1xx_hal_gpio.o
 .debug_macro   0x000000000001767f      0x1f1 ./Drivers/STM32F1xx_HAL_Driver/Src/stm32f1xx_hal_i2c.o
 .debug_macro   0x0000000000017870      0x1b5 ./Drivers/STM32F1xx_HAL_Driver/Src/stm32f1xx_hal_rcc.o
 .debug_macro   0x0000000000017a25      0x1a4 ./Drivers/STM32F1xx_HAL_Driver/Src/stm32f1xx_hal_tim.o
 .debug_macro   0x0000000000017bc9      0x1a3 ./Drivers/STM32F1xx_HAL_Driver/Src/stm32f1xx_hal_tim_ex.o

.debug_line     0x0000000000000000    0x102c5
 .debug_line    0x0000000000000000      0xd8d ./Core/Src/main.o
 .debug_line    0x0000000000000d8d     0x1117 ./Core/Src/ssd1306.o
 .debug_line    0x0000000000001ea4      0x7ed ./Core/Src/ssd1306_fonts.o
 .debug_line    0x0000000000002691      0x832 ./Core/Src/stm32f1xx_hal_msp.o
 .debug_line    0x0000000000002ec3      0x81c ./Core/Src/stm32f1xx_it.o
 .debug_line    0x00000000000036df      0x776 ./Core/Src/system_stm32f1xx.o
 .debug_line    0x0000000000003e55       0x78 ./Core/Startup/startup_stm32f103c8tx.o
 .debug_line    0x0000000000003ecd      0x9a3 ./Drivers/STM32F1xx_HAL_Driver/Src/stm32f1xx_hal.o
 .debug_line    0x0000000000004870      0xb8b ./Drivers/STM32F1xx_HAL_Driver/Src/stm32f1xx_hal_cortex.o
 .debug_line    0x00000000000053fb      0xdfc ./Drivers/STM32F1xx_HAL_Driver/Src/stm32f1xx_hal_dma.o
 .debug_line    0x00000000000061f7      0xa3c ./Drivers/STM32F1xx_HAL_Driver/Src/stm32f1xx_hal_gpio.o
 .debug_line    0x0000000000006c33     0x3b4a ./Drivers/STM32F1xx_HAL_Driver/Src/stm32f1xx_hal_i2c.o
 .debug_line    0x000000000000a77d      0xdac ./Drivers/STM32F1xx_HAL_Driver/Src/stm32f1xx_hal_rcc.o
 .debug_line    0x000000000000b529     0x34aa ./Drivers/STM32F1xx_HAL_Driver/Src/stm32f1xx_hal_tim.o
 .debug_line    0x000000000000e9d3     0x18f2 ./Drivers/STM32F1xx_HAL_Driver/Src/stm32f1xx_hal_tim_ex.o

.debug_str      0x0000000000000000    0x8af44
 .debug_str     0x0000000000000000    0x875df ./Core/Src/main.o
                                      0x87ac0 (size before relaxing)
 .debug_str     0x00000000000875df      0xc97 ./Core/Src/ssd1306.o
                                      0x87847 (size before relaxing)
 .debug_str     0x0000000000088276       0x74 ./Core/Src/ssd1306_fonts.o
                                      0x838cc (size before relaxing)
 .debug_str     0x00000000000882ea       0xf7 ./Core/Src/stm32f1xx_hal_msp.o
                                      0x840a3 (size before relaxing)
 .debug_str     0x00000000000883e1      0x146 ./Core/Src/stm32f1xx_it.o
                                      0x83a83 (size before relaxing)
 .debug_str     0x0000000000088527       0x7e ./Core/Src/system_stm32f1xx.o
                                      0x8334d (size before relaxing)
 .debug_str     0x00000000000885a5       0x34 ./Core/Startup/startup_stm32f103c8tx.o
                                         0x70 (size before relaxing)
 .debug_str     0x00000000000885d9      0x378 ./Drivers/STM32F1xx_HAL_Driver/Src/stm32f1xx_hal.o
                                      0x83a80 (size before relaxing)
 .debug_str     0x0000000000088951      0x28a ./Drivers/STM32F1xx_HAL_Driver/Src/stm32f1xx_hal_cortex.o
                                      0x839cc (size before relaxing)
 .debug_str     0x0000000000088bdb      0x1e4 ./Drivers/STM32F1xx_HAL_Driver/Src/stm32f1xx_hal_dma.o
                                      0x836f6 (size before relaxing)
 .debug_str     0x0000000000088dbf      0x284 ./Drivers/STM32F1xx_HAL_Driver/Src/stm32f1xx_hal_gpio.o
                                      0x836d3 (size before relaxing)
 .debug_str     0x0000000000089043      0xb8a ./Drivers/STM32F1xx_HAL_Driver/Src/stm32f1xx_hal_i2c.o
                                      0x84414 (size before relaxing)
 .debug_str     0x0000000000089bcd      0x209 ./Drivers/STM32F1xx_HAL_Driver/Src/stm32f1xx_hal_rcc.o
                                      0x8377c (size before relaxing)
 .debug_str     0x0000000000089dd6      0xcdb ./Drivers/STM32F1xx_HAL_Driver/Src/stm32f1xx_hal_tim.o
                                      0x8477e (size before relaxing)
 .debug_str     0x000000000008aab1      0x493 ./Drivers/STM32F1xx_HAL_Driver/Src/stm32f1xx_hal_tim_ex.o
                                      0x83f8a (size before relaxing)

.debug_frame    0x0000000000000000     0x3b48
 .debug_frame   0x0000000000000000      0x328 ./Core/Src/main.o
 .debug_frame   0x0000000000000328      0x3e0 ./Core/Src/ssd1306.o
 .debug_frame   0x0000000000000708       0xec ./Core/Src/stm32f1xx_hal_msp.o
 .debug_frame   0x00000000000007f4      0x174 ./Core/Src/stm32f1xx_it.o
 .debug_frame   0x0000000000000968       0x58 ./Core/Src/system_stm32f1xx.o
 .debug_frame   0x00000000000009c0      0x334 ./Drivers/STM32F1xx_HAL_Driver/Src/stm32f1xx_hal.o
 .debug_frame   0x0000000000000cf4      0x428 ./Drivers/STM32F1xx_HAL_Driver/Src/stm32f1xx_hal_cortex.o
 .debug_frame   0x000000000000111c      0x208 ./Drivers/STM32F1xx_HAL_Driver/Src/stm32f1xx_hal_dma.o
 .debug_frame   0x0000000000001324      0x14c ./Drivers/STM32F1xx_HAL_Driver/Src/stm32f1xx_hal_gpio.o
 .debug_frame   0x0000000000001470      0xc84 ./Drivers/STM32F1xx_HAL_Driver/Src/stm32f1xx_hal_i2c.o
 .debug_frame   0x00000000000020f4      0x218 ./Drivers/STM32F1xx_HAL_Driver/Src/stm32f1xx_hal_rcc.o
 .debug_frame   0x000000000000230c     0x11b8 ./Drivers/STM32F1xx_HAL_Driver/Src/stm32f1xx_hal_tim.o
 .debug_frame   0x00000000000034c4      0x638 ./Drivers/STM32F1xx_HAL_Driver/Src/stm32f1xx_hal_tim_ex.o
 .debug_frame   0x0000000000003afc       0x20 D:/STM32CubeIDE_1.14.1/STM32CubeIDE/plugins/com.st.stm32cube.ide.mcu.externaltools.gnu-tools-for-stm32.11.3.rel1.win32_1.1.100.202309141235/tools/bin/../lib/gcc/arm-none-eabi/11.3.1/../../../../arm-none-eabi/lib/thumb/v7-m/nofp\libc_nano.a(libc_a-memset.o)
 .debug_frame   0x0000000000003b1c       0x2c D:/STM32CubeIDE_1.14.1/STM32CubeIDE/plugins/com.st.stm32cube.ide.mcu.externaltools.gnu-tools-for-stm32.11.3.rel1.win32_1.1.100.202309141235/tools/bin/../lib/gcc/arm-none-eabi/11.3.1/../../../../arm-none-eabi/lib/thumb/v7-m/nofp\libc_nano.a(libc_a-init.o)

.debug_line_str
                0x0000000000000000       0x64
 .debug_line_str
                0x0000000000000000       0x64 ./Core/Startup/startup_stm32f103c8tx.o
                                         0x7c (size before relaxing)
