../Core/Src/main.c:81:6:ReloadMessage	16	static
../Core/Src/main.c:88:6:ReloadingMessage	16	static
../Core/Src/main.c:95:6:ModeDisplay	16	static
../Core/Src/main.c:103:6:BulletsDisplay	16	static
../Core/Src/main.c:111:6:OutOfAmmoEvent	8	static
../Core/Src/main.c:127:6:PlaySound	16	static
../Core/Src/main.c:135:6:Timer_Delay_ms	16	static
../Core/Src/main.c:143:6:StartVibrate	16	static
../Core/Src/main.c:151:6:StartCounting	16	static
../Core/Src/main.c:159:6:vibrate	16	static
../Core/Src/main.c:165:6:HAL_TIM_PeriodElapsedCallback	16	static
../Core/Src/main.c:181:6:HAL_DMA_ConvCpltCallback	16	static
../Core/Src/main.c:190:6:HAL_GPIO_EXTI_Callback	24	static,ignoring_inline_asm
../Core/Src/main.c:279:5:main	8	static
../Core/Src/main.c:331:6:SystemClock_Config	72	static
../Core/Src/main.c:368:13:MX_I2C1_Init	8	static
../Core/Src/main.c:402:13:MX_I2C2_Init	8	static
../Core/Src/main.c:436:13:MX_TIM1_Init	32	static
../Core/Src/main.c:482:13:MX_TIM2_Init	64	static
../Core/Src/main.c:541:13:MX_TIM3_Init	32	static
../Core/Src/main.c:587:13:MX_TIM4_Init	32	static
../Core/Src/main.c:630:13:MX_DMA_Init	16	static
../Core/Src/main.c:648:13:MX_GPIO_Init	40	static
../Core/Src/main.c:691:6:Error_Handler	4	static,ignoring_inline_asm
