../Core/Src/main.c:72:6:PlaySound	16	static
../Core/Src/main.c:80:6:HAL_DMA_ConvCpltCallback	16	static
../Core/Src/main.c:89:6:Timer_Delay_ms	16	static
../Core/Src/main.c:98:6:vibrate	16	static
../Core/Src/main.c:105:6:HAL_GPIO_EXTI_Callback	24	static,ignoring_inline_asm
../Core/Src/main.c:177:5:main	8	static
../Core/Src/main.c:224:6:SystemClock_Config	72	static
../Core/Src/main.c:261:13:MX_I2C2_Init	8	static
../Core/Src/main.c:295:13:MX_TIM1_Init	32	static
../Core/Src/main.c:341:13:MX_TIM2_Init	64	static
../Core/Src/main.c:400:13:MX_TIM3_Init	32	static
../Core/Src/main.c:444:13:MX_DMA_Init	16	static
../Core/Src/main.c:462:13:MX_GPIO_Init	40	static
../Core/Src/main.c:526:6:Error_Handler	4	static,ignoring_inline_asm
